// Jest Snapshot v1, https://jestjs.io/docs/snapshot-testing

exports[`empty string returns 0 1`] = `0`;

exports[`ignores numbers larger than 1000 1`] = `2`;

exports[`ignores numbers larger than 1000 2`] = `1001`;

exports[`multiple numbers, comma delimited 1`] = `10`;

exports[`numbers separated by newlines and commas 1`] = `6`;

exports[`single number returns its value 1`] = `5`;

exports[`supports custom delimiter 1`] = `3`;

exports[`supports custom multi-character delimiter 1`] = `6`;

exports[`supports custom single-character delimiter 1`] = `3`;

exports[`supports multiple custom delimiters 1`] = `6`;

exports[`supports multiple multi-character delimiters 1`] = `6`;

exports[`two numbers, comma delimited, returns the sum 1`] = `3`;
